// Jest Snapshot v1, https://goo.gl/fbAQLP

exports[`Search Component renders the UI as expected 1`] = `
<div
  className="Search"
>
  <div
    className="ExploreSquare "
  >
    <div
      className="ExploreSquare__border"
    >
      <div
        className="ExploreSquare__container"
      >
        <div
          className="ExploreSquare__grid"
        >
          <div
            className="Search__searchbar_container"
          >
            <input
              id="search"
              name="search"
              onChange={[Function]}
              type="text"
              value=""
            />
            <button
              onClick={[Function]}
              type="button"
            >
              A
              <svg
                aria-hidden="true"
                className="svg-inline--fa fa-arrow-right fa-w-14 "
                data-icon="arrow-right"
                data-prefix="far"
                focusable="false"
                role="img"
                style={Object {}}
                viewBox="0 0 448 512"
                xmlns="http://www.w3.org/2000/svg"
              >
                <path
                  d="M218.101 38.101L198.302 57.9c-4.686 4.686-4.686 12.284 0 16.971L353.432 230H12c-6.627 0-12 5.373-12 12v28c0 6.627 5.373 12 12 12h341.432l-155.13 155.13c-4.686 4.686-4.686 12.284 0 16.971l19.799 19.799c4.686 4.686 12.284 4.686 16.971 0l209.414-209.414c4.686-4.686 4.686-12.284 0-16.971L235.071 38.101c-4.686-4.687-12.284-4.687-16.97 0z"
                  fill="currentColor"
                  style={Object {}}
                />
              </svg>
              Z
            </button>
            <svg
              aria-hidden="true"
              className="svg-inline--fa fa-search fa-w-16 "
              data-icon="search"
              data-prefix="far"
              focusable="false"
              role="img"
              style={Object {}}
              viewBox="0 0 512 512"
              xmlns="http://www.w3.org/2000/svg"
            >
              <path
                d="M508.5 468.9L387.1 347.5c-2.3-2.3-5.3-3.5-8.5-3.5h-13.2c31.5-36.5 50.6-84 50.6-136C416 93.1 322.9 0 208 0S0 93.1 0 208s93.1 208 208 208c52 0 99.5-19.1 136-50.6v13.2c0 3.2 1.3 6.2 3.5 8.5l121.4 121.4c4.7 4.7 12.3 4.7 17 0l22.6-22.6c4.7-4.7 4.7-12.3 0-17zM208 368c-88.4 0-160-71.6-160-160S119.6 48 208 48s160 71.6 160 160-71.6 160-160 160z"
                fill="currentColor"
                style={Object {}}
              />
            </svg>
            <button
              className="Search--clear-button"
              type="button"
            >
              <svg
                aria-hidden="true"
                className="svg-inline--fa fa-times fa-w-10 "
                data-icon="times"
                data-prefix="far"
                focusable="false"
                onClick={[Function]}
                role="img"
                style={Object {}}
                viewBox="0 0 320 512"
                xmlns="http://www.w3.org/2000/svg"
              >
                <path
                  d="M207.6 256l107.72-107.72c6.23-6.23 6.23-16.34 0-22.58l-25.03-25.03c-6.23-6.23-16.34-6.23-22.58 0L160 208.4 52.28 100.68c-6.23-6.23-16.34-6.23-22.58 0L4.68 125.7c-6.23 6.23-6.23 16.34 0 22.58L112.4 256 4.68 363.72c-6.23 6.23-6.23 16.34 0 22.58l25.03 25.03c6.23 6.23 16.34 6.23 22.58 0L160 303.6l107.72 107.72c6.23 6.23 16.34 6.23 22.58 0l25.03-25.03c6.23-6.23 6.23-16.34 0-22.58L207.6 256z"
                  fill="currentColor"
                  style={Object {}}
                />
              </svg>
            </button>
          </div>
          <div
            className="Search--term"
          >
            <div>
              AVA
            </div>
          </div>
          <div
            className="Search--term"
          >
            <div>
              Acid
            </div>
          </div>
          <div
            className="Search--term"
          >
            <div>
              Aging
            </div>
          </div>
          <div
            className="Search--term"
          >
            <div>
              Alcohol
            </div>
          </div>
          <div
            className="Search--term"
          >
            <div>
              Appellation
            </div>
          </div>
          <div
            className="Search--term"
          >
            <div>
              Bacteria
            </div>
          </div>
          <div
            className="Search--term"
          >
            <div>
              Berry
            </div>
          </div>
          <div
            className="Search--term"
          >
            <div>
              Bloom
            </div>
          </div>
          <div
            className="Search--term"
          >
            <div>
              Body
            </div>
          </div>
          <div
            className="Search--term"
          >
            <div>
              Bordeaux
            </div>
          </div>
          <div
            className="Search--term"
          >
            <div>
              Bud
            </div>
          </div>
          <div
            className="Search--term"
          >
            <div>
              Bud break
            </div>
          </div>
          <div
            className="Search--term"
          >
            <div>
              Canopy
            </div>
          </div>
          <div
            className="Search--term"
          >
            <div>
              Carbon dioxide
            </div>
          </div>
          <div
            className="Search--term"
          >
            <div>
              Champagne
            </div>
          </div>
          <div
            className="Search--term"
          >
            <div>
              Clay
            </div>
          </div>
          <div
            className="Search--term"
          >
            <div>
              Climate
            </div>
          </div>
          <div
            className="Search--term"
          >
            <div>
              Clone
            </div>
          </div>
          <div
            className="Search--term"
          >
            <div>
              Color
            </div>
          </div>
          <div
            className="Search--term"
          >
            <div>
              Continental Climate
            </div>
          </div>
          <div
            className="Search--term"
          >
            <div>
              Cool Climate
            </div>
          </div>
          <div
            className="Search--term"
          >
            <div>
              Crisp
            </div>
          </div>
          <div
            className="Search--term"
          >
            <div>
              Cultivar
            </div>
          </div>
          <div
            className="Search--term"
          >
            <div>
              Disease
            </div>
          </div>
          <div
            className="Search--term"
          >
            <div>
              Diurnal shift
            </div>
          </div>
          <div
            className="Search--term"
          >
            <div>
              Dry
            </div>
          </div>
          <div
            className="Search--term"
          >
            <div>
              Fermentation
            </div>
          </div>
          <div
            className="Search--term"
          >
            <div>
              Flavor
            </div>
          </div>
          <div
            className="Search--term"
          >
            <div>
              Flowering
            </div>
          </div>
          <div
            className="Search--term"
          >
            <div>
              Fog
            </div>
          </div>
          <div
            className="Search--term"
          >
            <div>
              Frost
            </div>
          </div>
          <div
            className="Search--term"
          >
            <div>
              Fruit set
            </div>
          </div>
          <div
            className="Search--term"
          >
            <div>
              Glucose
            </div>
          </div>
          <div
            className="Search--term"
          >
            <div>
              Graft
            </div>
          </div>
          <div
            className="Search--term"
          >
            <div>
              Grape
            </div>
          </div>
          <div
            className="Search--term"
          >
            <div>
              Harvest
            </div>
          </div>
          <div
            className="Search--term"
          >
            <div>
              Hill
            </div>
          </div>
          <div
            className="Search--term"
          >
            <div>
              Hot Climate
            </div>
          </div>
          <div
            className="Search--term"
          >
            <div>
              Location
            </div>
          </div>
          <div
            className="Search--term"
          >
            <div>
              Louse
            </div>
          </div>
          <div
            className="Search--term"
          >
            <div>
              Macroclimate
            </div>
          </div>
          <div
            className="Search--term"
          >
            <div>
              Maritime Climate
            </div>
          </div>
          <div
            className="Search--term"
          >
            <div>
              Mediterranean Climate
            </div>
          </div>
          <div
            className="Search--term"
          >
            <div>
              Mesoclimate
            </div>
          </div>
          <div
            className="Search--term"
          >
            <div>
              Microclimate
            </div>
          </div>
          <div
            className="Search--term"
          >
            <div>
              Moderate Climate
            </div>
          </div>
          <div
            className="Search--term"
          >
            <div>
              Nutrient
            </div>
          </div>
          <div
            className="Search--term"
          >
            <div>
              Ocean currents
            </div>
          </div>
          <div
            className="Search--term"
          >
            <div>
              Oxygen
            </div>
          </div>
          <div
            className="Search--term"
          >
            <div>
              Pest
            </div>
          </div>
          <div
            className="Search--term"
          >
            <div>
              Photosynthesis
            </div>
          </div>
          <div
            className="Search--term"
          >
            <div>
              Phyloxera
            </div>
          </div>
          <div
            className="Search--term"
          >
            <div>
              Pinot Noir
            </div>
          </div>
          <div
            className="Search--term"
          >
            <div>
              Pip
            </div>
          </div>
          <div
            className="Search--term"
          >
            <div>
              Pulp
            </div>
          </div>
          <div
            className="Search--term"
          >
            <div>
              Rain
            </div>
          </div>
          <div
            className="Search--term"
          >
            <div>
              Refreshing
            </div>
          </div>
          <div
            className="Search--term"
          >
            <div>
              Ripe
            </div>
          </div>
          <div
            className="Search--term"
          >
            <div>
              Root
            </div>
          </div>
          <div
            className="Search--term"
          >
            <div>
              Rootstock
            </div>
          </div>
          <div
            className="Search--term"
          >
            <div>
              Row
            </div>
          </div>
          <div
            className="Search--term"
          >
            <div>
              Seed
            </div>
          </div>
          <div
            className="Search--term"
          >
            <div>
              Shade
            </div>
          </div>
          <div
            className="Search--term"
          >
            <div>
              Skin
            </div>
          </div>
          <div
            className="Search--term"
          >
            <div>
              Slope
            </div>
          </div>
          <div
            className="Search--term"
          >
            <div>
              Soil
            </div>
          </div>
          <div
            className="Search--term"
          >
            <div>
              Species
            </div>
          </div>
          <div
            className="Search--term"
          >
            <div>
              Spring
            </div>
          </div>
          <div
            className="Search--term"
          >
            <div>
              Structure
            </div>
          </div>
          <div
            className="Search--term"
          >
            <div>
              Sugar
            </div>
          </div>
          <div
            className="Search--term"
          >
            <div>
              Sunlight
            </div>
          </div>
          <div
            className="Search--term"
          >
            <div>
              Tannin
            </div>
          </div>
          <div
            className="Search--term"
          >
            <div>
              Temperature
            </div>
          </div>
          <div
            className="Search--term"
          >
            <div>
              Trunk
            </div>
          </div>
          <div
            className="Search--term"
          >
            <div>
              Variety
            </div>
          </div>
          <div
            className="Search--term"
          >
            <div>
              Vine
            </div>
          </div>
          <div
            className="Search--term"
          >
            <div>
              Vintage
            </div>
          </div>
          <div
            className="Search--term"
          >
            <div>
              Vitis Vinifera
            </div>
          </div>
          <div
            className="Search--term"
          >
            <div>
              Warm Climate
            </div>
          </div>
          <div
            className="Search--term"
          >
            <div>
              Warmth
            </div>
          </div>
          <div
            className="Search--term"
          >
            <div>
              Water
            </div>
          </div>
          <div
            className="Search--term"
          >
            <div>
              Weather
            </div>
          </div>
          <div
            className="Search--term"
          >
            <div>
              Wind
            </div>
          </div>
          <div
            className="Search--term"
          >
            <div>
              Wine
            </div>
          </div>
          <div
            className="Search--term"
          >
            <div>
              Yeast
            </div>
          </div>
        </div>
      </div>
    </div>
  </div>
</div>
`;
