// Jest Snapshot v1, https://goo.gl/fbAQLP

exports[`Search Component renders the UI as expected 1`] = `
<div
  className="Search"
>
  <div
    className="ExploreSquare "
  >
    <div
      className="ExploreSquare__border"
    >
      <div
        className="ExploreSquare__container"
      >
        <div
          className="ExploreSquare__grid"
        />
      </div>
    </div>
  </div>
</div>
`;
