// Jest Snapshot v1, https://goo.gl/fbAQLP

exports[`Module Component renders the UI as expected 1`] = `
<div
  className="Module"
>
  <div>
    <div
      className="Module__buttons"
    >
      <a
        href="/test/-1"
        onClick={[Function]}
      >
        <button
          className="Button form__button"
        >
          Test
        </button>
      </a>
    </div>
  </div>
</div>
`;
