// Jest Snapshot v1, https://goo.gl/fbAQLP

exports[`NavBar Comoponent renders the UI as expected 1`] = `
<nav
  className="NavBar"
>
  <div
    className="NavBar__container"
  >
    <a
      className="NavBar--no-pill NavBar--marquee"
      href="/"
      onClick={[Function]}
    >
      Q
    </a>
    <a
      href="/learn"
      onClick={[Function]}
    >
      <div
        className="NavBarPill"
      >
        Learn
      </div>
    </a>
    <a
      href="/study"
      onClick={[Function]}
    >
      <div
        className="NavBarPill"
      >
        Study
      </div>
    </a>
    <a
      className="NavBar--no-pill"
      href="/login"
      onClick={[Function]}
    >
      Login
    </a>
  </div>
</nav>
`;
