// Jest Snapshot v1, https://goo.gl/fbAQLP

exports[`Test Component renders the UI as expected 1`] = `
<div
  className="Test"
>
  <div
    className="QuaffSquare "
  >
    <div
      className="QuaffSquare__container"
    >
      <div
        className="Test--loading"
      />
    </div>
  </div>
  <div
    className="NextUp"
  >
    <div
      className="NextUp__learn-loading"
    >
      <div
        className="NextUp__header"
      >
        Learn
      </div>
      <div
        className="NextUp__container"
      >
        Loading
      </div>
    </div>
    <div
      className="NextUp__study-loading"
    >
      <div
        className="NextUp__header"
      >
        Learn
      </div>
      <div
        className="NextUp__container"
      >
        Loading
      </div>
    </div>
    <div
      className="NextUp__study-loading"
    >
      <div
        className="NextUp__header"
      >
        Learn
      </div>
      <div
        className="NextUp__container"
      >
        Loading
      </div>
    </div>
    <div
      className="NextUp__study-loading"
    >
      <div
        className="NextUp__header"
      >
        Learn
      </div>
      <div
        className="NextUp__container"
      >
        Loading
      </div>
    </div>
  </div>
</div>
`;
