// Jest Snapshot v1, https://goo.gl/fbAQLP

exports[`Test Component renders the UI as expected 1`] = `
<div
  className="Test"
>
  <div
    className="Test--loading"
  >
    <div
      className="Test--loading-top"
    >
      <div
        className="Test--loading-guage"
      />
      <div
        className="Test--loading-question"
      />
    </div>
    <div
      className="Test--loading-bottom"
    >
      <div
        className="Test--loading-answer"
      />
      <div
        className="Test--loading-answer"
      />
      <div
        className="Test--loading-answer"
      />
      <div
        className="Test--loading-answer"
      />
      <div
        className="Test--loading-button"
      />
    </div>
    <div
      className="Test--loading-placeholder"
    />
  </div>
</div>
`;
