// Jest Snapshot v1, https://goo.gl/fbAQLP

exports[`Landing Component renders the UI as expected 1`] = `
<div
  className="Landing"
>
  <div
    className="QuaffSquare "
  >
    <div
      className="QuaffSquare__container"
    >
      <h1>
        Quaff
        <br />
        Quizz
      </h1>
      <h4>
        For the inquisitive oenophile
      </h4>
    </div>
  </div>
  <div
    className="NextUp"
  >
    <div
      className="NextUp__learn-loading"
    >
      <div
        className="NextUp__header"
      >
        Learn
      </div>
      <div
        className="NextUp__container"
      >
        Loading
      </div>
    </div>
    <div
      className="NextUp__study-loading"
    >
      <div
        className="NextUp__header"
      >
        Learn
      </div>
      <div
        className="NextUp__container"
      >
        Loading
      </div>
    </div>
    <div
      className="NextUp__study-loading"
    >
      <div
        className="NextUp__header"
      >
        Learn
      </div>
      <div
        className="NextUp__container"
      >
        Loading
      </div>
    </div>
    <div
      className="NextUp__study-loading"
    >
      <div
        className="NextUp__header"
      >
        Learn
      </div>
      <div
        className="NextUp__container"
      >
        Loading
      </div>
    </div>
  </div>
</div>
`;
