// Jest Snapshot v1, https://goo.gl/fbAQLP

exports[`LoginForm Comoponent renders the UI as expected 1`] = `
<form
  className="LoginForm"
  onSubmit={[Function]}
>
  <header>
    <h1>
      Login
    </h1>
  </header>
  <div
    className="hint"
  >
    <Required />
     required fields
  </div>
  <LabelGroup
    className="LoginForm__username"
  >
    <Label
      htmlFor="username"
    >
      Username 
      <Required />
    </Label>
    <Input
      id="username"
      name="username"
      onChange={[Function]}
      type="text"
      value=""
    />
    <ValidationError
      message="Username is required"
      touched={false}
    />
  </LabelGroup>
  <LabelGroup
    className="LoginForm__password"
  >
    <Label
      htmlFor="password"
    >
      Password 
      <Required />
    </Label>
    <Input
      id="password"
      name="password"
      onChange={[Function]}
      type="password"
      value=""
    />
    <ValidationError
      message="Password is required"
      touched={false}
    />
  </LabelGroup>
  <div
    className="LoginForm--error"
  >
    <ValidationError
      message={null}
      touched={true}
    />
  </div>
  <div
    className="LoginForm__buttons"
  >
    <Button
      className="form__button"
      disabled="Username is required"
      type="submit"
    >
      Login
    </Button>
  </div>
  <div
    className="LoginForm__other_links"
  >
    Don't have an account? 
    <Link
      to="/create-account"
    >
      Create Account
    </Link>
  </div>
</form>
`;
