// Jest Snapshot v1, https://goo.gl/fbAQLP

exports[`Quiz Component renders the UI as expected 1`] = `
<div
  className="Quiz"
>
  <div
    className="QuaffSquare "
  >
    <div
      className="QuaffSquare__container"
    >
      <div
        className="Quiz--loading"
      />
    </div>
  </div>
  <div
    className="NextUp"
  >
    <div
      className="NextUp__learn-loading"
    >
      <div
        className="NextUp__header"
      >
        <div
          className="NextUp__header-loading"
        />
      </div>
      <div
        className="NextUp__container"
      >
        <div
          className="NextUp--loading"
        />
      </div>
      <div
        className="NextUp__placeholder"
      />
    </div>
    <div
      className="NextUp__study-loading"
    >
      <div
        className="NextUp__header"
      >
        <div
          className="NextUp__header-loading"
        />
      </div>
      <div
        className="NextUp__container"
      >
        <div
          className="NextUp--loading"
        />
      </div>
      <div
        className="NextUp__placeholder"
      />
    </div>
    <div
      className="NextUp__study-loading"
    >
      <div
        className="NextUp__header"
      >
        <div
          className="NextUp__header-loading"
        />
      </div>
      <div
        className="NextUp__container"
      >
        <div
          className="NextUp--loading"
        />
      </div>
      <div
        className="NextUp__placeholder"
      />
    </div>
    <div
      className="NextUp__study-loading"
    >
      <div
        className="NextUp__header"
      >
        <div
          className="NextUp__header-loading"
        />
      </div>
      <div
        className="NextUp__container"
      >
        <div
          className="NextUp--loading"
        />
      </div>
      <div
        className="NextUp__placeholder"
      />
    </div>
  </div>
</div>
`;
