// Jest Snapshot v1, https://goo.gl/fbAQLP

exports[`App Component renders the UI as expected 1`] = `
<div
  className="App"
>
  <nav
    className="NavBar"
  >
    <div
      className="NavBar__container"
    >
      <a
        className="NavBar--no-pill NavBar--marquee"
        href="/"
        onClick={[Function]}
      >
        Q
      </a>
      <a
        href="/learn"
        onClick={[Function]}
      >
        <div
          className="NavBarPill"
        >
          Learn
        </div>
      </a>
      <a
        href="/study"
        onClick={[Function]}
      >
        <div
          className="NavBarPill"
        >
          Study
        </div>
      </a>
      <a
        className="NavBar--no-pill"
        href="/login"
        onClick={[Function]}
      >
        Login
      </a>
    </div>
  </nav>
  <div
    className="Landing"
  >
    <div
      className="QuaffSquare "
    >
      <div
        className="QuaffSquare__container"
      >
        <h1>
          Quaff
          <br />
          Quizz
        </h1>
        <h4>
          For the inquisitive oenophile
        </h4>
      </div>
    </div>
    <div
      className="NextUp"
    >
      <div
        className="NextUp__learn-loading"
      >
        <div
          className="NextUp__header"
        >
          Learn
        </div>
        <div
          className="NextUp__container"
        >
          Loading
        </div>
      </div>
      <div
        className="NextUp__study-loading"
      >
        <div
          className="NextUp__header"
        >
          Learn
        </div>
        <div
          className="NextUp__container"
        >
          Loading
        </div>
      </div>
      <div
        className="NextUp__study-loading"
      >
        <div
          className="NextUp__header"
        >
          Learn
        </div>
        <div
          className="NextUp__container"
        >
          Loading
        </div>
      </div>
      <div
        className="NextUp__study-loading"
      >
        <div
          className="NextUp__header"
        >
          Learn
        </div>
        <div
          className="NextUp__container"
        >
          Loading
        </div>
      </div>
    </div>
  </div>
  <div
    className="Footer"
  >
    <div
      className="Footer__container"
    >
       
    </div>
  </div>
</div>
`;
